Resolved "preview" environment for the build. Learn more: https://docs.expo.dev/eas/environment-variables/#setting-the-environment-for-your-builds
No environment variables with visibility "Plain text" and "Sensitive" found for the "preview" environment on EAS.



??Using remote Android credentials (Expo server)
node.exe : ??Using Keystore from configuration: Build Credentials Uu9BJBqxUF (default)
位於 C:\nvm4w\nodejs\eas.ps1:16 字元:5
+     & "$basedir/node$exe"  "$basedir/node_modules/eas-cli/bin/run" $a ...
+     ~~~~~~~~~~~~~~~~~~~~~~~~~~~~~~~~~~~~~~~~~~~~~~~~~~~~~~~~~~~~~~~~~
    + CategoryInfo          : NotSpecified: (??Using Keystor...BqxUF (default):String) [], R 
   emoteException
    + FullyQualifiedErrorId : NativeCommandError
 

Compressing project files and uploading to EAS Build. Learn more: https://expo.fyi/eas-build-archive
- Compressing project files\ Compressing project files| Compressing project files/ Compressin
g project files- Compressing project files\ Compressing project files| Compressing project fi
les/ Compressing project files- Compressing project files\ Compressing project files| Compres
sing project files/ Compressing project files- Compressing project files\ Compressing project
 files| Compressing project files/ Compressing project files- Compressing project files\ Comp
ressing project files| Compressing project files/ Compressing project files- Compressing proj
ect files\ Compressing project files??Compressed project files 4s (82.6 MB)
- Uploading to EAS Build (0 / 82.6 MB)\ Uploading to EAS Build (576 KB / 82.6 MB)| Uploading 
to EAS Build (576 KB / 82.6 MB)/ Uploading to EAS Build (576 KB / 82.6 MB)- Uploading to EAS 
Build (7.2 MB / 82.6 MB)\ Uploading to EAS Build (7.2 MB / 82.6 MB)| Uploading to EAS Build (
7.2 MB / 82.6 MB)/ Uploading to EAS Build (7.4 MB / 82.6 MB)- Uploading to EAS Build (7.7 MB 
/ 82.6 MB)\ Uploading to EAS Build (8.0 MB / 82.6 MB)| Uploading to EAS Build (9.6 MB / 82.6 
MB)/ Uploading to EAS Build (9.7 MB / 82.6 MB)- Uploading to EAS Build (10.6 MB / 82.6 MB)\ U
ploading to EAS Build (15.1 MB / 82.6 MB)| Uploading to EAS Build (18.9 MB / 82.6 MB)/ Upload
ing to EAS Build (21.8 MB / 82.6 MB)- Uploading to EAS Build (25.9 MB / 82.6 MB)\ Uploading t
o EAS Build (28.0 MB / 82.6 MB)| Uploading to EAS Build (33.4 MB / 82.6 MB)/ Uploading to EAS
 Build (37.4 MB / 82.6 MB)- Uploading to EAS Build (41.5 MB / 82.6 MB)\ Uploading to EAS Buil
d (42.4 MB / 82.6 MB)| Uploading to EAS Build (46.1 MB / 82.6 MB)/ Uploading to EAS Build (50
.0 MB / 82.6 MB)- Uploading to EAS Build (53.8 MB / 82.6 MB)\ Uploading to EAS Build (58.0 MB
 / 82.6 MB)| Uploading to EAS Build (61.5 MB / 82.6 MB)/ Uploading to EAS Build (65.5 MB / 82
.6 MB)- Uploading to EAS Build (69.1 MB / 82.6 MB)\ Uploading to EAS Build (73.2 MB / 82.6 MB
)| Uploading to EAS Build (77.4 MB / 82.6 MB)/ Uploading to EAS Build (81.0 MB / 82.6 MB)- Up
loading to EAS Build (82.6 MB / 82.6 MB)\ Uploading to EAS Build (82.6 MB / 82.6 MB)| Uploadi
ng to EAS Build (82.6 MB / 82.6 MB)/ Uploading to EAS Build (82.6 MB / 82.6 MB)??Uploaded to 
EAS 4s
- Computing project fingerprint\ Computing project fingerprint| Computing project fingerprint
/ Computing project fingerprint- Computing project fingerprint\ Computing project fingerprint
| Computing project fingerprint??Computed project fingerprint

See logs: https://expo.dev/accounts/shane5658/projects/emogo1124/builds/3c1d941c-dae9-4562-977e-10b026f0e30c

Waiting for build to complete. You can press Ctrl+C to exit.
- Waiting for build to complete.\ Waiting for build to complete.| Waiting for build to comple
te./ Waiting for build to complete.- Waiting for build to complete.  Build queued...

Start builds sooner in the priority queue.
Sign up for a paid plan at https://expo.dev/accounts/shane5658/settings/billing

Waiting in Free tier queue

- Build is about to start\ Build in progress...| Build in progress.../ Build in progress...- 
Build in progress...\ Build in progress...| Build in progress.../ Build in progress...- Build
 in progress...\ Build in progress...| Build in progress.../ Build in progress...- Build in p
rogress...\ Build in progress...| Build in progress.../ Build in progress...- Build in progre
ss...\ Build in progress...| Build in progress.../ Build in progress...- Build in progress...
\ Build in progress...| Build in progress.../ Build in progress...- Build in progress...\ Bui
ld in progress...| Build in progress.../ Build in progress...- Build in progress...\ Build in
 progress...| Build in progress.../ Build in progress...- Build in progress...\ Build in prog
ress...| Build in progress.../ Build in progress...- Build in progress...\ Build in progress.
..| Build in progress.../ Build in progress...- Build in progress...\ Build in progress...| B
uild in progress.../ Build in progress...- Build in progress...\ Build in progress...| Build 
in progress.../ Build in progress...- Build in progress...\ Build in progress...| Build in pr
ogress.../ Build in progress...- Build in progress...\ Build in progress...| Build in progres
s.../ Build in progress...- Build in progress...\ Build in progress...| Build in progress.../
 Build in progress...- Build in progress...\ Build in progress...| Build in progress.../ Buil
d in progress...- Build in progress...\ Build in progress...| Build in progress.../ Build in 
progress...- Build in progress...\ Build in progress...| Build in progress.../ Build in progr
ess...- Build in progress...\ Build in progress...| Build in progress.../ Build in progress..
.- Build in progress...\ Build in progress...| Build in progress.../ Build in progress...- Bu
ild in progress...\ Build in progress...| Build in progress.../ Build in progress...- Build i
n progress...\ Build in progress...| Build in progress.../ Build in progress...- Build in pro
gress...\ Build in progress...| Build in progress.../ Build in progress...- Build in progress
...\ Build in progress...| Build in progress.../ Build in progress...- Build in progress...\ 
Build in progress...| Build in progress.../ Build in progress...- Build in progress...\ Build
 in progress...| Build in progress.../ Build in progress...- Build in progress...\ Build in p
rogress...| Build in progress.../ Build in progress...- Build in progress...\ Build in progre
ss...| Build in progress.../ Build in progress...- Build in progress...\ Build in progress...
| Build in progress.../ Build in progress...- Build in progress...\ Build in progress...| Bui
ld in progress.../ Build in progress...- Build in progress...\ Build in progress...| Build in
 progress.../ Build in progress...- Build in progress...\ Build in progress...| Build in prog
ress.../ Build in progress...- Build in progress...\ Build in progress...| Build in progress.
../ Build in progress...- Build in progress...\ Build in progress...| Build in progress.../ B
uild in progress...- Build in progress...\ Build in progress...| Build in progress.../ Build 
in progress...- Build in progress...\ Build in progress...| Build in progress.../ Build in pr
ogress...- Build in progress...\ Build in progress...| Build in progress.../ Build in progres
s...- Build in progress...\ Build in progress...| Build in progress.../ Build in progress...-
 Build in progress...\ Build in progress...| Build in progress.../ Build in progress...- Buil
d in progress...\ Build in progress...| Build in progress.../ Build in progress...- Build in 
progress...\ Build in progress...| Build in progress.../ Build in progress...- Build in progr
ess...\ Build in progress...| Build in progress.../ Build in progress...- Build in progress..
.\ Build in progress...| Build in progress.../ Build in progress...- Build in progress...\ Bu
ild in progress...| Build in progress.../ Build in progress...- Build in progress...\ Build i
n progress...| Build in progress.../ Build in progress...- Build in progress...\ Build in pro
gress...| Build in progress.../ Build in progress...- Build in progress...\ Build in progress
...| Build in progress.../ Build in progress...- Build in progress...\ Build in progress...| 
Build in progress.../ Build in progress...- Build in progress...\ Build in progress...| Build
 in progress.../ Build in progress...- Build in progress...\ Build in progress...| Build in p
rogress.../ Build in progress...- Build in progress...\ Build in progress...| Build in progre
ss.../ Build in progress...- Build in progress...\ Build in progress...| Build in progress...
/ Build in progress...- Build in progress...\ Build in progress...| Build in progress.../ Bui
ld in progress...- Build in progress...\ Build in progress...| Build in progress.../ Build in
 progress...- Build in progress...\ Build in progress...| Build in progress.../ Build in prog
ress...- Build in progress...\ Build in progress...| Build in progress.../ Build in progress.
..- Build in progress...\ Build in progress...| Build in progress.../ Build in progress...- B
uild in progress...\ Build in progress...| Build in progress.../ Build in progress...- Build 
in progress...\ Build in progress...| Build in progress.../ Build in progress...- Build in pr
ogress...\ Build in progress...| Build in progress.../ Build in progress...- Build in progres
s...\ Build in progress...| Build in progress.../ Build in progress...- Build in progress...\
 Build in progress...| Build in progress.../ Build in progress...- Build in progress...\ Buil
d in progress...| Build in progress.../ Build in progress...- Build in progress...\ Build in 
progress...| Build in progress.../ Build in progress...- Build in progress...\ Build in progr
ess...| Build in progress.../ Build in progress...- Build in progress...\ Build in progress..
.| Build in progress.../ Build in progress...- Build in progress...\ Build in progress...| Bu
ild in progress.../ Build in progress...- Build in progress...\ Build in progress...| Build i
n progress.../ Build in progress...- Build in progress...\ Build in progress...| Build in pro
gress.../ Build in progress...- Build in progress...\ Build in progress...| Build in progress
.../ Build in progress...- Build in progress...\ Build in progress...| Build in progress.../ 
Build in progress...- Build in progress...\ Build in progress...| Build in progress.../ Build
 in progress...- Build in progress...\ Build in progress...| Build in progress.../ Build in p
rogress...- Build in progress...\ Build in progress...| Build in progress.../ Build in progre
ss...- Build in progress...\ Build in progress...| Build in progress.../ Build in progress...
- Build in progress...\ Build in progress...| Build in progress.../ Build in progress...- Bui
ld in progress...\ Build in progress...| Build in progress.../ Build in progress...- Build in
 progress...\ Build in progress...| Build in progress.../ Build in progress...- Build in prog
ress...\ Build in progress...| Build in progress.../ Build in progress...- Build in progress.
..\ Build in progress...| Build in progress.../ Build in progress...- Build in progress...\ B
uild in progress...| Build in progress.../ Build in progress...- Build in progress...\ Build 
in progress...| Build in progress.../ Build in progress...- Build in progress...\ Build in pr
ogress...| Build in progress.../ Build in progress...- Build in progress...\ Build in progres
s...| Build in progress.../ Build in progress...- Build in progress...\ Build in progress...|
 Build in progress.../ Build in progress...- Build in progress...\ Build in progress...| Buil
d in progress.../ Build in progress...- Build in progress...\ Build in progress...| Build in 
progress.../ Build in progress...- Build in progress...\ Build in progress...| Build in progr
ess.../ Build in progress...- Build in progress...\ Build in progress...| Build in progress..
./ Build in progress...- Build in progress...\ Build in progress...| Build in progress.../ Bu
ild in progress...- Build in progress...\ Build in progress...| Build in progress.../ Build i
n progress...- Build in progress...\ Build in progress...| Build in progress.../ Build in pro
gress...- Build in progress...\ Build in progress...| Build in progress.../ Build in progress
...- Build in progress...\ Build in progress...| Build in progress.../ Build in progress...- 
Build in progress...\ Build in progress...| Build in progress.../ Build in progress...- Build
 in progress...\ Build in progress...| Build in progress.../ Build in progress...- Build in p
rogress...\ Build in progress...| Build in progress.../ Build in progress...- Build in progre
ss...\ Build in progress...| Build in progress.../ Build in progress...- Build in progress...
\ Build in progress...| Build in progress.../ Build in progress...- Build in progress...\ Bui
ld in progress...| Build in progress.../ Build in progress...- Build in progress...\ Build in
 progress...| Build in progress.../ Build in progress...- Build in progress...\ Build in prog
ress...| Build in progress.../ Build in progress...- Build in progress...\ Build in progress.
..| Build in progress.../ Build in progress...- Build in progress...\ Build in progress...| B
uild in progress.../ Build in progress...- Build in progress...\ Build in progress...| Build 
in progress.../ Build in progress...- Build in progress...\ Build in progress...| Build in pr
ogress.../ Build in progress...- Build in progress...\ Build in progress...| Build in progres
s.../ Build in progress...- Build in progress...\ Build in progress...| Build in progress.../
 Build in progress...- Build in progress...\ Build in progress...| Build in progress.../ Buil
d in progress...- Build in progress...\ Build in progress...| Build in progress.../ Build in 
progress...- Build in progress...\ Build in progress...| Build in progress.../ Build in progr
ess...- Build in progress...\ Build in progress...| Build in progress.../ Build in progress..
.- Build in progress...\ Build in progress...| Build in progress.../ Build in progress...- Bu
ild in progress...\ Build in progress...| Build in progress.../ Build in progress...- Build i
n progress...\ Build in progress...| Build in progress.../ Build in progress...- Build in pro
gress...\ Build in progress...| Build in progress.../ Build in progress...- Build in progress
...\ Build in progress...| Build in progress.../ Build in progress...- Build in progress...\ 
Build in progress...| Build in progress.../ Build in progress...- Build in progress...\ Build
 in progress...| Build in progress.../ Build in progress...- Build in progress...\ Build in p
rogress...| Build in progress.../ Build in progress...- Build in progress...\ Build in progre
ss...| Build in progress.../ Build in progress...- Build in progress...\ Build in progress...
| Build in progress.../ Build in progress...- Build in progress...\ Build in progress...| Bui
ld in progress.../ Build in progress...- Build in progress...\ Build in progress...| Build in
 progress.../ Build in progress...- Build in progress...\ Build in progress...| Build in prog
ress.../ Build in progress...- Build in progress...\ Build in progress...| Build in progress.
../ Build in progress...- Build in progress...\ Build in progress...| Build in progress.../ B
uild in progress...- Build in progress...\ Build in progress...| Build in progress.../ Build 
in progress...- Build in progress...\ Build in progress...| Build in progress.../ Build in pr
ogress...- Build in progress...\ Build in progress...| Build in progress.../ Build in progres
s...- Build in progress...\ Build in progress...| Build in progress.../ Build in progress...-
 Build in progress...\ Build in progress...| Build in progress.../ Build in progress...- Buil
d in progress...\ Build in progress...| Build in progress.../ Build in progress...- Build in 
progress...\ Build in progress...| Build in progress.../ Build in progress...- Build in progr
ess...\ Build in progress...| Build in progress.../ Build in progress...- Build in progress..
.\ Build in progress...| Build in progress.../ Build in progress...- Build in progress...\ Bu
ild in progress...| Build in progress.../ Build in progress...- Build in progress...\ Build i
n progress...| Build in progress.../ Build in progress...- Build in progress...\ Build in pro
gress...| Build in progress.../ Build in progress...- Build in progress...\ Build in progress
...| Build in progress.../ Build in progress...- Build in progress...\ Build in progress...| 
Build in progress.../ Build in progress...- Build in progress...\ Build in progress...| Build
 in progress.../ Build in progress...- Build in progress...\ Build in progress...| Build in p
rogress.../ Build in progress...- Build in progress...\ Build in progress...| Build in progre
ss.../ Build in progress...- Build in progress...\ Build in progress...| Build in progress...
/ Build in progress...- Build in progress...\ Build in progress...| Build in progress.../ Bui
ld in progress...- Build in progress...\ Build in progress...| Build in progress.../ Build in
 progress...- Build in progress...\ Build in progress...| Build in progress.../ Build in prog
ress...- Build in progress...\ Build in progress...| Build in progress.../ Build in progress.
..- Build in progress...\ Build in progress...| Build in progress.../ Build in progress...- B
uild in progress...\ Build in progress...| Build in progress.../ Build in progress...- Build 
in progress...\ Build in progress...| Build in progress.../ Build in progress...- Build in pr
ogress...\ Build in progress...| Build in progress.../ Build in progress...- Build in progres
s...\ Build in progress...| Build in progress.../ Build in progress...- Build in progress...\
 Build in progress...| Build in progress.../ Build in progress...- Build in progress...\ Buil
d in progress...| Build in progress.../ Build in progress...- Build in progress...\ Build in 
progress...| Build in progress.../ Build in progress...- Build in progress...\ Build in progr
ess...| Build in progress.../ Build in progress...- Build in progress...\ Build in progress..
.| Build in progress.../ Build in progress...- Build in progress...\ Build in progress...| Bu
ild in progress.../ Build in progress...- Build in progress...\ Build in progress...| Build i
n progress.../ Build in progress...- Build in progress...\ Build in progress...| Build in pro
gress.../ Build in progress...- Build in progress...\ Build in progress...| Build in progress
.../ Build in progress...- Build in progress...\ Build in progress...| Build in progress.../ 
Build in progress...- Build in progress...\ Build in progress...| Build in progress.../ Build
 in progress...- Build in progress...\ Build in progress...| Build in progress.../ Build in p
rogress...- Build in progress...\ Build in progress...| Build in progress.../ Build in progre
ss...- Build in progress...\ Build in progress...| Build in progress.../ Build in progress...
- Build in progress...\ Build in progress...| Build in progress.../ Build in progress...- Bui
ld in progress...\ Build in progress...| Build in progress.../ Build in progress...- Build in
 progress...\ Build in progress...| Build in progress.../ Build in progress...- Build in prog
ress...\ Build in progress...| Build in progress.../ Build in progress...- Build in progress.
..\ Build in progress...| Build in progress.../ Build in progress...- Build in progress...\ B
uild in progress...| Build in progress.../ Build in progress...- Build in progress...\ Build 
in progress...| Build in progress.../ Build in progress...- Build in progress...\ Build in pr
ogress...| Build in progress...??Build failed
?? Android build failed:
Unknown error. See logs of the Install dependencies build phase for more information.
